node.exe : [2m[WebServer] [22m::ffff:127.0.0.1 - - [01/Nov/2025 18:55:13] "GET / HTTP/1.1" 200 -
At C:\Users\Jerry\AppData\Roaming\npm\npx.ps1:24 char:5
+     & "node$exe"  "$basedir/node_modules/npm/bin/npx-cli.js" $args
+     ~~~~~~~~~~~~~~~~~~~~~~~~~~~~~~~~~~~~~~~~~~~~~~~~~~~~~~~~~~~~~~
    + CategoryInfo          : NotSpecified: ([2m[WebServer]...HTTP/1.1" 200 -:String) [], RemoteException
    + FullyQualifiedErrorId : NativeCommandError
 

Running 1 test using 1 worker

[2m[WebServer] [22m::1 - - [01/Nov/2025 18:55:15] "GET /web/stat7threejs.html HTTP/1.1" 200 -
[2m[WebServer] [22m::1 - - [01/Nov/2025 18:55:15] "GET /web/js/stat7-core.js HTTP/1.1" 200 -
[2m[WebServer] [22m::1 - - [01/Nov/2025 18:55:15] "GET /web/js/stat7-config.js HTTP/1.1" 200 -
[2m[WebServer] [22m::1 - - [01/Nov/2025 18:55:15] "GET /web/js/stat7-data.js HTTP/1.1" 200 -
[2m[WebServer] [22m::1 - - [01/Nov/2025 18:55:15] "GET /web/js/stat7-model.js HTTP/1.1" 200 -
[2m[WebServer] [22m::1 - - [01/Nov/2025 18:55:15] "GET /web/js/stat7-layout.js HTTP/1.1" 200 -
[2m[WebServer] [22m::1 - - [01/Nov/2025 18:55:15] "GET /web/js/stat7-view.js HTTP/1.1" 200 -
[2m[WebServer] [22m::1 - - [01/Nov/2025 18:55:15] "GET /web/js/stat7-effects.js HTTP/1.1" 200 -
[2m[WebServer] [22m::1 - - [01/Nov/2025 18:55:15] "GET /web/js/stat7-ui.js HTTP/1.1" 200 -
[2m[WebServer] [22m::1 - - [01/Nov/2025 18:55:15] "GET /web/js/stat7-utils.js HTTP/1.1" 200 -
  ok 1 [chromium] ΓÇ║ tests\e2e\stat7-visualization.spec.ts:4:7 ΓÇ║ STAT7 Visualization - Entity Rendering Pipeline ΓÇ║ page loads successfully with Three.js and WebSocket bootstrap (1.3s)

  1 passed (5.0s)
